---
source: crates/rolldown_testing/src/integration_test.rs
snapshot_kind: text
---
# Assets

## a.js

```js


//#region a.js
const abc = undefined;
var a_exports = {};
__export(a_exports, { abc: () => abc });

//#endregion
export { a_exports };
```
## entry.js

```js
import { a_exports } from "./a.js";

export { a_exports as a };
```
## main.js

```js
import { a_exports } from "./a.js";

export { a_exports as a };
```
