---
source: crates/rolldown_testing/src/integration_test.rs
snapshot_kind: text
---
# Assets

## entry.js

```js
"use strict";


//#region entry.js
const foo = 123;
var entry_exports = {};
__export(entry_exports, {
	foo: () => foo,
	ns: () => entry_exports
});

//#endregion
exports.foo = foo
Object.defineProperty(exports, 'ns', {
  enumerable: true,
  get: function () {
    return entry_exports;
  }
});
```
