---
source: crates/rolldown_testing/src/integration_test.rs
snapshot_kind: text
---
# Assets

## entry.js

```js


//#region foo.js
var import_foo;
var require_foo = __commonJS({ "foo.js"(exports) {
	exports.bar = 123;
	import_foo = __toESM(require_foo());
} });

//#endregion
//#region entry.js
require_foo();

//#endregion
var bar = import_foo.bar;
export { bar };
```
