---
source: crates/rolldown_testing/src/integration_test.rs
snapshot_kind: text
---
# Errors

## MISSING_EXPORT

```text
[MISSING_EXPORT] Error: "default" is not exported by "foo.js".
   ╭─[named.js:1:8]
   │
 1 │ import fn, {x as a, y as b} from './foo'
   │        ─┬  
   │         ╰── Missing export
───╯

```
## MISSING_EXPORT

```text
[MISSING_EXPORT] Error: "x" is not exported by "foo.js".
   ╭─[named.js:1:13]
   │
 1 │ import fn, {x as a, y as b} from './foo'
   │             ┬  
   │             ╰── Missing export
───╯

```
## MISSING_EXPORT

```text
[MISSING_EXPORT] Error: "y" is not exported by "foo.js".
   ╭─[named.js:1:21]
   │
 1 │ import fn, {x as a, y as b} from './foo'
   │                     ┬  
   │                     ╰── Missing export
───╯

```
# warnings

## IMPORT_IS_UNDEFINED

```text
[IMPORT_IS_UNDEFINED] Warning: Import `default` will always be undefined because there is no matching export in 'foo.js'
   ╭─[star.js:2:13]
   │
 2 │ console.log(ns.default(ns.x, ns.y))
   │             ─────┬────  
   │                  ╰────── 
───╯

```
## IMPORT_IS_UNDEFINED

```text
[IMPORT_IS_UNDEFINED] Warning: Import `x` will always be undefined because there is no matching export in 'foo.js'
   ╭─[star.js:2:24]
   │
 2 │ console.log(ns.default(ns.x, ns.y))
   │                        ──┬─  
   │                          ╰─── 
───╯

```
## IMPORT_IS_UNDEFINED

```text
[IMPORT_IS_UNDEFINED] Warning: Import `y` will always be undefined because there is no matching export in 'foo.js'
   ╭─[star.js:2:30]
   │
 2 │ console.log(ns.default(ns.x, ns.y))
   │                              ──┬─  
   │                                ╰─── 
───╯

```
# Assets

## bare.js

```js
import { init_foo } from "./foo2.js";

//#region bare.js
init_foo();

//#endregion
```
## foo.js

```js
import { init_foo } from "./foo2.js";

init_foo();
```
## foo2.js

```js


//#region foo.js
var foo_exports = {};
var init_foo = __esm({ "foo.js"() {
	console.log("no exports here");
} });

//#endregion
export { __toCommonJS, foo_exports, init_foo };
```
## import.js

```js

//#region import.js
console.log(import("./foo.js"));

//#endregion
```
## named.js

```js
import { init_foo } from "./foo2.js";

//#region named.js
init_foo();
console.log(fn(a, b));

//#endregion
```
## require.js

```js
import { __toCommonJS, foo_exports, init_foo } from "./foo2.js";

//#region require.js
console.log((init_foo(), __toCommonJS(foo_exports)));

//#endregion
```
## star-capture.js

```js
import { foo_exports, init_foo } from "./foo2.js";

//#region star-capture.js
init_foo();
console.log(foo_exports);

//#endregion
```
## star.js

```js
import { init_foo } from "./foo2.js";

//#region star.js
init_foo();
console.log((void 0)(void 0, void 0));

//#endregion
```
