---
source: crates/rolldown_testing/src/integration_test.rs
snapshot_kind: text
---
# Assets

## entry.js

```js


//#region src/node_modules/sub/bar.js
var bar_exports = {};
var init_bar = __esm({ "src/node_modules/sub/bar.js"() {
	works();
} });

//#endregion
//#region src/node_modules/pkg/sub/foo.js
var foo_exports = {};
var init_foo = __esm({ "src/node_modules/pkg/sub/foo.js"() {
	init_bar();
} });

//#endregion
//#region src/entry.js
init_foo();

//#endregion
```
