---
source: crates/rolldown_testing/src/integration_test.rs
snapshot_kind: text
---
# Assets

## entry.js

```js


//#region foo.js
const foo = 123;
var foo_exports = {};
__export(foo_exports, {
	foo: () => foo,
	ns: () => foo_exports
});

//#endregion
export { foo, foo_exports as ns };
```
