---
source: crates/rolldown_testing/src/integration_test.rs
snapshot_kind: text
---
# Assets

## main.js

```js


//#region cjs.js
var import_cjs;
var require_cjs = __commonJS({ "cjs.js"(exports, module) {
	module.exports.a = {};
	import_cjs = __toESM(require_cjs());
} });

//#endregion
//#region main.js
require_cjs();
require_cjs();

//#endregion
var a = import_cjs.a;
var a2 = import_cjs.a;
export { a, a2 };
```
