---
source: crates/rolldown_testing/src/integration_test.rs
snapshot_kind: text
---
# Assets

## entry.js

```js


//#region import.ts
let value = 123;
var import_exports = {};
__export(import_exports, { value: () => value });

//#endregion
//#region entry.ts
var value_copy = import_exports.value;
var Type_copy = import_exports.Type;
let foo = value_copy;
console.log(foo);

//#endregion
```
