---
source: crates/rolldown_testing/src/integration_test.rs
snapshot_kind: text
---
# Assets

## entry.js

```js


//#region entry.js
var entry_exports = {};
var init_entry = __esm({ "entry.js"() {
	Promise.resolve().then(function() {
		return init_a(), a_exports;
	});
	Promise.resolve().then(function() {
		return init_b(), b_exports;
	});
	Promise.resolve().then(function() {
		return init_c(), c_exports;
	});
	Promise.resolve().then(function() {
		return init_entry(), entry_exports;
	});
	await 0;
} });

//#endregion
//#region a.js
var a_exports = {};
var init_a = __esm({ "a.js"() {
	init_b();
} });

//#endregion
//#region b.js
var b_exports = {};
var init_b = __esm({ "b.js"() {
	init_c();
} });

//#endregion
//#region c.js
var c_exports = {};
var init_c = __esm({ "c.js"() {
	await 0;
} });

//#endregion
init_entry();
```
