---
source: crates/rolldown_testing/src/integration_test.rs
snapshot_kind: text
---
# Errors

## MISSING_EXPORT

```text
[MISSING_EXPORT] Error: "default" is not exported by "222222222222222222222222222222222222222222222222222222222222222222222222222222222222222222222222222.copy".
   ╭─[bytesInOutput should be at least 99 (2).js:1:8]
   │
 1 │ import a from './222222222222222222222222222222222222222222222222222222222222222222222222222222222222222222222222222.copy'
   │        ┬  
   │        ╰── Missing export
───╯

```

# Assets

## 333333333333333333333333333333333333333333333333333333333333333333333333333333333333333333333333333.js

```js

```
## assets/111111111111111111111111111111111111111111111111111111111111111111111111111111111111111111111111111-pbxtN44L.file

## assets/444444444444444444444444444444444444444444444444444444444444444444444444444444444444444444444444444-CrPpbTAK.file

## bytesInOutput should be at least 99 (1).js

```js

//#region 111111111111111111111111111111111111111111111111111111111111111111111111111111111111111111111111111.file
var _111111111111111111111111111111111111111111111111111111111111111111111111111111111111111111111111111_default = "assets/111111111111111111111111111111111111111111111111111111111111111111111111111111111111111111111111111-pbxtN44L.file";

//#endregion
//#region bytesInOutput should be at least 99 (1).js
console.log(_111111111111111111111111111111111111111111111111111111111111111111111111111111111111111111111111111_default);

//#endregion
```
## bytesInOutput should be at least 99 (2).js

```js

//#region bytesInOutput should be at least 99 (2).js
console.log(a);

//#endregion
```
## bytesInOutput should be at least 99 (3).js

```js

//#region bytesInOutput should be at least 99 (3).js
import("./333333333333333333333333333333333333333333333333333333333333333333333333333333333333333333333333333.js").then(console.log);

//#endregion
```
## bytesInOutput should be at least 99.css

```css
a { background: url(assets/444444444444444444444444444444444444444444444444444444444444444444444444444444444444444444444444444-CrPpbTAK.file) }


```
## bytesInOutput should be at least 99.js

```js

//#region 444444444444444444444444444444444444444444444444444444444444444444444444444444444444444444444444444.file
var _444444444444444444444444444444444444444444444444444444444444444444444444444444444444444444444444444_default = "assets/444444444444444444444444444444444444444444444444444444444444444444444444444444444444444444444444444-CrPpbTAK.file";

//#endregion
```
