---
source: crates/rolldown_testing/src/integration_test.rs
snapshot_kind: text
---
# Errors

## MISSING_EXPORT

```text
[MISSING_EXPORT] Error: "default" is not exported by "foo.copy".
   ╭─[js-entry.js:2:8]
   │
 2 │ import copy from './foo.copy' assert { type: 'json' }
   │        ──┬─  
   │          ╰─── Missing export
───╯

```
## MISSING_EXPORT

```text
[MISSING_EXPORT] Error: "default" is not exported by "foo.copy".
   ╭─[ts-entry.ts:2:8]
   │
 2 │ import copy from './foo.copy' assert { type: 'json' }
   │        ──┬─  
   │          ╰─── Missing export
───╯

```
# warnings

## IMPORT_IS_UNDEFINED

```text
[IMPORT_IS_UNDEFINED] Warning: Import `prop` will always be undefined because there is no matching export in 'foo.json'
   ╭─[js-entry.js:5:21]
   │
 5 │ use(all, copy, def, ns.prop)
   │                     ───┬───  
   │                        ╰───── 
───╯

```
## IMPORT_IS_UNDEFINED

```text
[IMPORT_IS_UNDEFINED] Warning: Import `prop` will always be undefined because there is no matching export in 'foo.json'
   ╭─[ts-entry.ts:6:21]
   │
 6 │ use(all, copy, def, ns.prop)
   │                     ───┬───  
   │                        ╰───── 
───╯

```
# Assets

## foo.js

```js

//#region foo.json
var foo_default = {};

//#endregion
export { foo_default };
```
## js-entry.js

```js
import { foo_default } from "./foo.js";

//#region js-entry.js
use(foo_default, copy, foo_default, void 0);

//#endregion
export { foo_default as default };
```
## ts-entry.js

```js
import { foo_default } from "./foo.js";

//#region ts-entry.ts
use(foo_default, copy, foo_default, void 0);

//#endregion
export { foo_default as default };
```
