---
source: crates/rolldown_testing/src/integration_test.rs
snapshot_kind: text
---
# Errors

## MISSING_EXPORT

```text
[MISSING_EXPORT] Error: "default" is not exported by "default-empty.js".
   ╭─[main.js:2:10]
   │
 2 │ import { default as defaultImport } from './default-empty'
   │          ───┬───  
   │             ╰───── Missing export
───╯

```

# Assets

## main.js

```js

//#region star-empty.js
var star_empty_exports = {};

//#endregion
export { defaultImport, star_empty_exports as staImport };
```
