---
source: crates/rolldown_testing/src/integration_test.rs
snapshot_kind: text
---
# Assets

## main.js

```js
var module = (function(exports) {

"use strict";
Object.defineProperty(exports, '__esModule', { value: true });


//#region mod.js
function add(a, b) {
	return a + b;
}
function subtract(a, b) {
	return a - b;
}
var named_exports = {};
__export(named_exports, {
	add: () => add,
	subtract: () => subtract
});

//#endregion
//#region main.js
function aaa() {
	return "aaa";
}

//#endregion
exports.aaa = aaa
Object.defineProperty(exports, 'default', {
  enumerable: true,
  get: function () {
    return named_exports;
  }
});
return exports;
})({});
```
