---
source: crates/rolldown_testing/src/integration_test.rs
snapshot_kind: text
---
# Assets

## entry.js

```js
import assert from "node:assert";


//#region b.empty
var require_b = __commonJS({ "b.empty"() {} });

//#endregion
//#region c.empty
var require_c = __commonJS({ "c.empty"() {} });

//#endregion
//#region d.empty
var require_d = __commonJS({ "d.empty"() {} });

//#endregion
//#region entry.js
var import_b = __toESM(require_b());
var import_c = __toESM(require_c());
var import_d = __toESM(require_d());
assert.deepEqual(import_b, { default: {} });
assert.deepEqual(import_c.default, {});
assert.equal(import_d.named, undefined);

//#endregion
//# sourceMappingURL=entry.js.map
```
