---
source: crates/rolldown_testing/src/integration_test.rs
snapshot_kind: text
---
# Assets

## entry.js

```js


//#region foo.js
var import_foo;
var require_foo = __commonJS({ "foo.js"(exports) {
	exports.foo = 123;
	import_foo = __toESM(require_foo());
} });

//#endregion
//#region entry.js
require_foo();

//#endregion
Object.defineProperty(exports, 'bar', {
  enumerable: true,
  get: function () {
    return import_foo.bar;
  }
});
```
