---
source: crates/rolldown_testing/src/integration_test.rs
snapshot_kind: text
---
# Assets

## entry.js

```js
import assert from "node:assert";


//#region node_modules/demo-pkg/custom-main.js
var import_custom_main;
var require_custom_main = __commonJS({ "node_modules/demo-pkg/custom-main.js"(exports, module) {
	module.exports = function() {
		return 123;
	};
	import_custom_main = __toESM(require_custom_main());
} });

//#endregion
//#region src/entry.js
require_custom_main();
assert.equal((0, import_custom_main.default)(), 123);

//#endregion
```
