---
source: crates/rolldown_testing/src/integration_test.rs
snapshot_kind: text
---
# Assets

## entry.js

```js


//#region node_modules/fs/abc.js
var abc_exports = {};
var init_abc = __esm({ "node_modules/fs/abc.js"() {
	console.log("include this");
} });

//#endregion
//#region node_modules/fs/index.js
var fs_exports = {};
var init_fs = __esm({ "node_modules/fs/index.js"() {
	console.log("include this too");
} });

//#endregion
//#region entry.js
console.log([
	require("fs"),
	require("fs/promises"),
	require("node:foo"),
	(init_abc(), __toCommonJS(abc_exports)),
	(init_fs(), __toCommonJS(fs_exports))
]);

//#endregion
```
