---
source: crates/rolldown_testing/src/integration_test.rs
snapshot_kind: text
---
# Assets

## entry.js

```js
import assert from "node:assert";


//#region foo.js
var import_foo;
var require_foo = __commonJS({ "foo.js"(exports) {
	exports.foo = 123;
	import_foo = __toESM(require_foo());
} });

//#endregion
//#region entry.js
require_foo();
let foo = 234;
assert.deepEqual(import_foo, {
	default: { foo: 123 },
	foo: 123
});
assert.equal(import_foo.foo, 123);
assert.equal(foo, 234);

//#endregion
```
