---
source: crates/rolldown_testing/src/integration_test.rs
snapshot_kind: text
---
# Assets

## main.js

```js
import assert from "node:assert";


//#region commonjs.js
var import_commonjs;
var require_commonjs = __commonJS({ "commonjs.js"(exports) {
	exports.a = 1;
	import_commonjs = __toESM(require_commonjs());
} });

//#endregion
//#region main.js
require_commonjs();
assert.deepEqual(import_commonjs, {
	default: { a: 1 },
	a: 1
});

//#endregion
```
