---
source: crates/rolldown_testing/src/integration_test.rs
snapshot_kind: text
---
# Assets

## entry.js

```js
import assert from "node:assert";


//#region foo.js
const foo$1 = 123;
var foo_exports = {};
__export(foo_exports, { foo: () => foo$1 });

//#endregion
//#region entry.js
let foo = 234;
assert.deepEqual(foo_exports, { foo: 123 });
assert.equal(foo$1, 123);
assert.equal(foo, 234);

//#endregion
```
