---
source: crates/rolldown_testing/src/integration_test.rs
snapshot_kind: text
---
# Assets

## entry.js

```js
import assert from "node:assert";


//#region node_modules/pkg/foo.js
var import_foo;
var require_foo = __commonJS({ "node_modules/pkg/foo.js"(exports, module) {
	module.exports = 123;
	import_foo = __toESM(require_foo());
} });

//#endregion
//#region node_modules/pkg/bar.js
var require_bar = __commonJS({ "node_modules/pkg/bar.js"(exports, module) {
	module.exports = "abc";
} });

//#endregion
//#region node_modules/pkg/index.js
require_foo();
require_bar();

//#endregion
//#region entry.js
assert.equal(
	// => const import_xxx = require_xxx
	import_foo.default,
	123
);

//#endregion
```
