---
source: crates/rolldown_testing/src/integration_test.rs
snapshot_kind: text
---
# Assets

## main.js

```js
import assert from "assert";


//#region foo.js
var foo_exports = {};
__export(foo_exports, { foo: () => foo$1 });
function foo$1(a$1$1) {
	console.log(a$1$1, a$1);
}
var a$1;
var init_foo = __esm({ "foo.js"() {
	a$1 = 1;
} });

//#endregion
//#region bar.js
init_foo();
var bar_default = { foo: foo$1 };

//#endregion
//#region main.js
const a = 2;
const { foo } = bar_default;
assert.strictEqual(typeof foo, "function");
init_foo();

//#endregion
//# sourceMappingURL=main.js.map
```

# Sourcemap Visualizer

```
- ../foo.js
(2:7) "function " --> (22:0) "function "
(2:16) "foo(" --> (22:9) "foo$1("
(2:20) "a$1) " --> (22:15) "a$1$1) "
(2:25) "{\n" --> (22:22) "{\n"
(3:4) "console." --> (23:0) "\tconsole."
(3:12) "log(" --> (23:9) "log("
(3:16) "a$1, " --> (23:13) "a$1$1, "
(3:21) "a)" --> (23:20) "a$1)"
(3:23) "\n" --> (23:24) ";\n"
(4:1) "" --> (24:0) "}\n"
(0:6) "a = " --> (27:1) "a$1 = "
(0:10) "1;\n" --> (27:7) "1;\n"
- ../bar.js
(0:0) "import { foo } from './foo'" --> (32:0) "init_foo()"
(0:27) "\n" --> (32:10) ";\n"
(2:15) "{ " --> (33:18) "{ "
(2:17) "foo }" --> (33:20) "foo: foo$1 "
(2:22) "" --> (33:31) "};\n"
- ../main.js
(3:0) "const " --> (37:0) "const "
(3:6) "a = " --> (37:6) "a = "
(3:10) "2; // make foo `a` conflict\n" --> (37:10) "2;\n"
(5:0) "const " --> (38:0) "const "
(5:6) "{ " --> (38:6) "{ "
(5:8) "foo }" --> (38:8) "foo }"
(5:13) " = " --> (38:13) " = "
(5:16) "bar\n" --> (38:16) "bar_default;\n"
(7:0) "assert." --> (39:0) "assert."
(7:7) "strictEqual(typeof " --> (39:7) "strictEqual(typeof "
(7:26) "foo, " --> (39:26) "foo, "
(7:31) "'function')" --> (39:31) "\"function\")"
(7:42) "\n" --> (39:42) ";\n"
(9:0) "require('./foo')" --> (40:0) "init_foo();\n"
```
