---
source: crates/rolldown_testing/src/integration_test.rs
snapshot_kind: text
---
# Assets

## main.js

```js


//#region index.css
var require_empty = __commonJS({ "index.css"() {} });

//#endregion
//#region index.js
var import_empty = __toESM(require_empty());

//#endregion
var notExistExport = import_empty.notExistExport;
export { notExistExport };
```
