---
source: crates/rolldown_testing/src/integration_test.rs
snapshot_kind: text
---
# Assets

## entry.js

```js
import assert from "node:assert";


//#region index.js
var import_dot_import;
var require_dot_import = __commonJS({ "index.js"(exports) {
	exports.x = 123;
	import_dot_import = __toESM(require_dot_import());
} });

//#endregion
//#region entry.js
require_dot_import();
assert.equal(import_dot_import.x, 123);

//#endregion
```
