---
source: crates/rolldown_testing/src/integration_test.rs
snapshot_kind: text
---
# Errors

## MISSING_EXPORT

```text
[MISSING_EXPORT] Error: "default" is not exported by "assets/some.file".
   ╭─[src/entry.js:1:8]
   │
 1 │ import x from "../assets/some.file"
   │        ┬  
   │        ╰── Missing export
───╯

```

# Assets

## assets_some.js

```js
import "./some.js";

```
## some.js

```js

//#region assets/some.file
stuff;

//#endregion
```
## src_entry.js

```js
import "./some.js";

//#region src/entry.js
console.log(x);

//#endregion
```
## src_entry2.css

```css
body {
	background: url(../assets/some.file);
}

```
## src_entry2.js

```js
import "./some.js";

```
