---
source: crates/rolldown_testing/src/integration_test.rs
snapshot_kind: text
---
# Assets

## entry.js

```js

const node_assert = __toESM(require("node:assert"));

//#region foo/test.js
let foo = 123;
var test_exports$1 = {};
__export(test_exports$1, { foo: () => foo });

//#endregion
//#region bar/test.js
let bar = 123;
var test_exports = {};
__export(test_exports, { bar: () => bar });

//#endregion
//#region entry.js
console.log(exports, module.exports);
node_assert.default.deepEqual(test_exports$1, { foo: 123 });
node_assert.default.deepEqual(test_exports, { bar: 123 });

//#endregion
```
