---
source: crates/rolldown_testing/src/integration_test.rs
snapshot_kind: text
---
# Assets

## entry.js

```js


//#region foo/test.js
let foo = 123;
var test_exports$1 = {};
__export(test_exports$1, { foo: () => foo });

//#endregion
//#region bar/test.js
let bar = 123;
var test_exports = {};
__export(test_exports, { bar: () => bar });

//#endregion
//#region entry.js
console.log(exports, module.exports, test_exports$1, test_exports);

//#endregion
```
