---
source: crates/rolldown_testing/src/integration_test.rs
snapshot_kind: text
---
# Assets

## entry.js

```js


//#region foo.ts
const foo$1 = 123;
var foo_exports = {};
__export(foo_exports, { foo: () => foo$1 });

//#endregion
//#region entry.ts
let foo = 234;
console.log(foo_exports, foo$1, foo);

//#endregion
```
