---
source: crates/rolldown_testing/src/integration_test.rs
snapshot_kind: text
---
# Assets

## main1.js

```js
"use strict";
const require_share$1 = require('./share.js');
const node_assert = require_share$1.__toESM(require("node:assert"));

//#region main1.js
require_share$1.require_share();
node_assert.default.equal((0, require_share$1.import_share.share)(), 1);

//#endregion
```
## main2.js

```js
"use strict";
const require_share$1 = require('./share.js');
const node_assert = require_share$1.__toESM(require("node:assert"));

//#region main2.js
require_share$1.require_share();
node_assert.default.equal((0, require_share$1.import_share.share)(), 1);

//#endregion
```
## share.js

```js


//#region share.js
var import_share;
var require_share = __commonJS({ "share.js"(exports) {
	exports.share = function share() {
		return 1;
	};
	import_share = __toESM(require_share());
} });

//#endregion
Object.defineProperty(exports, '__toESM', {
  enumerable: true,
  get: function () {
    return __toESM;
  }
});
Object.defineProperty(exports, 'import_share', {
  enumerable: true,
  get: function () {
    return import_share;
  }
});
Object.defineProperty(exports, 'require_share', {
  enumerable: true,
  get: function () {
    return require_share;
  }
});
```
