---
source: crates/rolldown_testing/src/integration_test.rs
snapshot_kind: text
---
# Assets

## a.js

```js


//#region b.ts
var import_b;
var require_b = __commonJS({ "b.ts"(exports, module) {
	module.exports = [123, foo];
	function foo() {}
	import_b = __toESM(require_b());
} });

//#endregion
//#region a.ts
require_b();
console.log(import_b.default);

//#endregion
```
