---
source: crates/rolldown_testing/src/integration_test.rs
snapshot_kind: text
---
# Assets

## entry.js

```js
import assert from "node:assert";


//#region foo.js
var import_foo;
var require_foo = __commonJS({ "foo.js"(exports) {
	exports.x = 123;
	import_foo = __toESM(require_foo());
} });

//#endregion
//#region entry.js
require_foo();
assert.equal(import_foo.foo, undefined);

//#endregion
```
