---
source: crates/rolldown_testing/src/integration_test.rs
snapshot_kind: text
---
# Assets

## entry.js

```js


//#region src/node_modules/sub/index.js
var sub_exports = {};
var init_sub = __esm({ "src/node_modules/sub/index.js"() {
	works();
} });

//#endregion
//#region src/node_modules/pkg/sub/foo.js
var foo_exports = {};
var init_foo = __esm({ "src/node_modules/pkg/sub/foo.js"() {
	init_sub();
} });

//#endregion
//#region src/entry.js
init_foo();

//#endregion
```
