---
source: crates/rolldown_testing/src/integration_test.rs
snapshot_kind: text
---
# Assets

## main.js

```js


//#region main.js
Promise.resolve().then(function() {
	return init_foo(), foo_exports;
});
Promise.resolve().then(function() {
	return __toESM(require_cjs());
});
Promise.resolve().then(function() {
	return init_esm(), esm_exports;
});

//#endregion
//#region foo.js
var foo_exports = {};
var init_foo = __esm({ "foo.js"() {} });

//#endregion
//#region cjs.js
var require_cjs = __commonJS({ "cjs.js"(exports, module) {
	module.exports = 1;
} });

//#endregion
//#region esm.js
var esm_exports = {};
__export(esm_exports, { value: () => value });
var value;
var init_esm = __esm({ "esm.js"() {
	value = 1;
} });

//#endregion
```
