---
source: crates/rolldown_testing/src/integration_test.rs
snapshot_kind: text
---
# Assets

## entry.js

```js


//#region a.ts
let foo$3 = 123;
var a_exports = {};
__export(a_exports, { foo: () => foo$3 });

//#endregion
//#region b.ts
let foo$2 = 123;
var b_exports = {};
__export(b_exports, { foo: () => foo$2 });

//#endregion
//#region test.ts
var Test = void 0;

//#endregion
//#region c.ts
let foo$1 = 123;
var c_exports = {};
__export(c_exports, {
	Test: () => Test,
	foo: () => foo$1
});

//#endregion
//#region d.ts
let foo = 123;
var d_exports = {};
__export(d_exports, {
	Test: () => Test,
	foo: () => foo
});

//#endregion
//#region entry.ts
console.log(a_exports, b_exports, c_exports, d_exports);

//#endregion
```
