---
source: crates/rolldown_testing/src/integration_test.rs
snapshot_kind: text
---
# Assets

## main.js

```js
"use strict";


//#region mod.js
function example() {
	return "default";
}
var default_exports = {};
__export(default_exports, { default: () => example });

//#endregion
module.exports = default_exports;
```
