---
source: crates/rolldown_testing/src/integration_test.rs
snapshot_kind: text
---
# Assets

## entry.js

```js
(function() {

"use strict";


//#region c.js
var c_exports = {};
var init_c = __esm({ "c.js"() {} });

//#endregion
//#region b.js
var b_exports = {};
var init_b = __esm({ "b.js"() {} });

//#endregion
//#region a.js
var a_exports = {};
var init_a = __esm({ "a.js"() {} });

//#endregion
//#region entry.js
var entry_exports = {};
var init_entry = __esm({ "entry.js"() {
	init_a();
	init_b();
	init_c();
	init_entry();
} });

//#endregion
})();
```
