---
source: crates/rolldown_testing/src/integration_test.rs
snapshot_kind: text
---
# Assets

## entry.js

```js

const node_assert = __toESM(require("node:assert"));

//#region entry.js
var import_entry;
var require_entry = __commonJS({ "entry.js"(exports) {
	require_entry();
	exports.foo = 123;
	node_assert.default.equal(import_entry.foo, undefined);
	import_entry = __toESM(require_entry());
} });

//#endregion
module.exports = require_entry();

```
