---
source: crates/rolldown_testing/src/integration_test.rs
snapshot_kind: text
---
# Assets

## main.js

```js
import assert from "node:assert";


//#region 1aaa.js
const a$1 = "shared.js";
var _1aaa_default = a$1;
var _1aaa_exports = {};
__export(_1aaa_exports, { default: () => _1aaa_default });

//#endregion
//#region main.js
const a = "index.js";
assert.equal(a, "index.js");
console.log(_1aaa_exports);

//#endregion
```
