---
source: crates/rolldown_testing/src/integration_test.rs
snapshot_kind: text
---
# Assets

## main.js

```js


//#region foo.js
var foo_exports = {};
__export(foo_exports, {
	a: () => a,
	b: () => b,
	bar: () => bar,
	c: () => c,
	d: () => d,
	default: () => baz,
	e: () => e,
	foo: () => foo,
	g: () => g
});
function foo() {}
var a, b, c, d, e, g, bar, baz;
var init_foo = __esm({ "foo.js"() {
	[b] = [];
	[c = 1] = [];
	({e} = {});
	({f: g = 1} = {});
	bar = class {};
	baz = class {};
} });

//#endregion
//#region main.js
init_foo();

//#endregion
//# sourceMappingURL=main.js.map
```

# Sourcemap Visualizer

```
- ../foo.js
(2:7) "function " --> (31:0) "function "
(2:16) "foo() " --> (31:9) "foo() "
(2:22) "{ }" --> (31:15) "{"
(2:25) "\n" --> (31:16) "}\n"
(0:15) "b] = " --> (34:2) "b] = "
(0:20) "[]" --> (34:7) "["
(0:22) ", [" --> (34:8) "];\n"
(0:25) "c = " --> (35:2) "c = "
(0:29) "1] = " --> (35:6) "1] = "
(0:34) "[]" --> (35:11) "["
(0:36) ";\n" --> (35:12) "];\n"
(1:20) "{}" --> (36:8) "{"
(1:22) ", {" --> (36:9) "});\n"
(1:25) "f: " --> (37:3) "f: "
(1:28) "g = " --> (37:6) "g = "
(1:32) "1} = " --> (37:10) "1} = "
(1:37) "{}" --> (37:15) "{"
(1:39) ";\n" --> (37:16) "});\n"
(3:13) "bar " --> (38:1) "bar = "
(3:7) "class bar " --> (38:7) "class "
(3:17) "{ }" --> (38:13) "{"
(3:20) "\n" --> (38:14) "};\n"
(4:21) "baz " --> (39:1) "baz = "
(4:15) "class baz " --> (39:7) "class "
(4:25) "{ }" --> (39:13) "{"
(4:28) "\n" --> (39:14) "};\n"
- ../main.js
(0:0) "require('./foo')\n" --> (44:0) "init_foo();\n"
```
